
> pokedex-cli@1.0.0 dev
> npx tsc && node dist/main.js

Pokedex > 

Welcome to the Pokedex!
Usage:

help: Displays a help message
exit: Exits the pokedex
map: displays the names of 20 location areas in the Pokemon world

Pokedex > canalave-city
eterna-city
pastoria-city
sunyshore-city
sinnoh-pokemon-league
oreburgh-mine
valley-windworks
eterna-forest
fuego-ironworks
mt-coronet
great-marsh
solaceon-ruins
sinnoh-victory-road
ravaged-path
oreburgh-gate
stark-mountain
spring-path
turnback-cave
snowpoint-temple
wayward-cave
Pokedex > 